---
source: crates/tap-agent/src/agent/sender_accounts_manager.rs
expression: new_alloc_msg
---
NewAllocationId(
    Legacy(
        0xfa44c72b753a66591f241c7dc04e8178c30e13af,
    ),
)
