---
source: crates/tap-agent/src/agent/sender_allocation.rs
expression: msg
---
UpdateInvalidReceiptFees(
    Legacy(
        0xfa44c72b753a66591f241c7dc04e8178c30e13af,
    ),
    UnaggregatedReceipts {
        value: 45,
        last_id: 0,
        counter: 0,
    },
)
