---
source: crates/tap-agent/src/agent/sender_allocation.rs
expression: startup_msg
---
UpdateReceiptFees(
    0xfa44c72b753a66591f241c7dc04e8178c30e13af,
    UpdateValue(
        UnaggregatedReceipts {
            value: 16220184412847561580,
            last_id: 10,
            counter: 10,
        },
    ),
)
