---
source: crates/tap-agent/src/agent/sender_allocation.rs
expression: startup_msg
---
UpdateReceiptFees(
    Legacy(
        0xfa44c72b753a66591f241c7dc04e8178c30e13af,
    ),
    UpdateValue(
        UnaggregatedReceipts {
            value: 90,
            last_id: 20,
            counter: 20,
        },
    ),
)
