---
source: crates/tap-agent/src/agent/sender_account.rs
expression: message
---
UpdateAllocationIds(
    {
        Legacy(
            0xfa44c72b753a66591f241c7dc04e8178c30e13af,
        ),
    },
)
