---
source: crates/tap-agent/src/agent/sender_account.rs
expression: message
---
UpdateReceiptFees(
    0xfa44c72b753a66591f241c7dc04e8178c30e13af,
    UpdateValue(
        UnaggregatedReceipts {
            value: 0,
            last_id: 0,
            counter: 0,
        },
    ),
)
