---
source: crates/tap-agent/src/agent/sender_allocation.rs
expression: update_invalid_msg
---
UpdateInvalidReceiptFees(
    0xfa44c72b753a66591f241c7dc04e8178c30e13af,
    UnaggregatedReceipts {
        value: 55,
        last_id: 10,
        counter: 10,
    },
)
