---
source: crates/tap-agent/src/agent/sender_account.rs
expression: msg
---
UpdateAllocationIds(
    {},
)
