---
source: crates/tap-agent/src/agent/sender_allocation.rs
expression: rav_error_response_message
---
UpdateReceiptFees(
    0xfa44c72b753a66591f241c7dc04e8178c30e13af,
    RavRequestResponse(
        UnaggregatedReceipts {
            value: 0,
            last_id: 0,
            counter: 0,
        },
        Err(
            AllReceiptsInvalid,
        ),
    ),
)
